 
****************************************
Report : power
        -analysis_effort low
Design : CountLeadingZeros
Version: Q-2019.12-SP5-2
Date   : Sun Apr 17 10:03:43 2022
****************************************


Library(s) Used:

    tt_1v8_25c (File: /data3/course_lib_umc18/synopsys/tt_1v8_25c.db)


Operating Conditions: tt_1v8_25c   Library: tt_1v8_25c
Wire Load Model Mode: top


Global Operating Voltage = 1.8  
Power-specific unit information :
    Voltage Units = 1V
    Capacitance Units = 1.000000pf
    Time Units = 1ns
    Dynamic Power Units = 1mW    (derived from V,C,T units)
    Leakage Power Units = 1pW


  Cell Internal Power  = 104.3476 uW   (55%)
  Net Switching Power  =  83.7944 uW   (45%)
                         ---------
Total Dynamic Power    = 188.1420 uW  (100%)

Cell Leakage Power     =   3.3261 nW

Information: report_power power group summary does not include estimated clock tree power. (PWR-789)

                 Internal         Switching           Leakage            Total
Power Group      Power            Power               Power              Power   (   %    )  Attrs
--------------------------------------------------------------------------------------------------
io_pad             0.0000            0.0000            0.0000            0.0000  (   0.00%)
memory             0.0000            0.0000            0.0000            0.0000  (   0.00%)
black_box          0.0000            0.0000            0.0000            0.0000  (   0.00%)
clock_network      0.0000            0.0000            0.0000            0.0000  (   0.00%)
register           0.0000            0.0000            0.0000            0.0000  (   0.00%)
sequential         0.0000            0.0000            0.0000            0.0000  (   0.00%)
combinational      0.1043        8.3794e-02        3.3261e+03            0.1881  ( 100.00%)
--------------------------------------------------------------------------------------------------
Total              0.1043 mW     8.3794e-02 mW     3.3261e+03 pW         0.1881 mW
1
